******************************************************************************
            TI ARM Clang Linker PC v4.0.3                      
******************************************************************************
>> Linked Thu Jul 10 10:55:07 2025

OUTPUT FILE NAME:   <empty_LP_MSPM0G3507_nortos_ticlang.out>
ENTRY POINT SYMBOL: "_c_int00_noargs"  address: 00000739


MEMORY CONFIGURATION

         name            origin    length      used     unused   attr    fill
----------------------  --------  ---------  --------  --------  ----  --------
  FLASH                 00000000   00020000  00000890  0001f770  R  X
  SRAM                  20200000   00008000  000002b0  00007d50  RW X
  BCR_CONFIG            41c00000   000000ff  00000000  000000ff  R   
  BSL_CONFIG            41c00100   00000080  00000000  00000080  R   


SEGMENT ALLOCATION MAP

run origin  load origin   length   init length attrs members
----------  ----------- ---------- ----------- ----- -------
00000000    00000000    00000890   00000890    r-x
  00000000    00000000    000000c0   000000c0    r-- .intvecs
  000000c0    000000c0    00000778   00000778    r-x .text
  00000838    00000838    00000018   00000018    r-- .rodata
  00000850    00000850    00000040   00000040    r-- .cinit
20200000    20200000    000000b0   00000000    rw-
  20200000    20200000    000000a0   00000000    rw- .bss
  202000a0    202000a0    00000010   00000000    rw- .data
20207e00    20207e00    00000200   00000000    rw-
  20207e00    20207e00    00000200   00000000    rw- .stack


SECTION ALLOCATION MAP

 output                                  attributes/
section   page    origin      length       input sections
--------  ----  ----------  ----------   ----------------
.intvecs   0    00000000    000000c0     
                  00000000    000000c0     startup_mspm0g350x_ticlang.o (.intvecs)

.text      0    000000c0    00000778     
                  000000c0    000001c0     empty.o (.text.track)
                  00000280    00000104     driverlib.a : dl_timer.o (.text.DL_Timer_initFourCCPWMMode)
                  00000384    0000009a     libc.a : memcpy16.S.obj (.text:memcpy)
                  0000041e    00000002     startup_mspm0g350x_ticlang.o (.text.Default_Handler)
                  00000420    0000007c     libc.a : copy_decompress_lzss.c.obj (.text:decompress:lzss)
                  0000049c    00000074     ti_msp_dl_config.o (.text.SYSCFG_DL_PWM_0_init)
                  00000510    00000074     ti_msp_dl_config.o (.text.SYSCFG_DL_PWM_1_init)
                  00000584    00000068     ti_msp_dl_config.o (.text.SYSCFG_DL_GPIO_init)
                  000005ec    00000064     empty.o (.text.motor_speed)
                  00000650    00000040     ti_msp_dl_config.o (.text.SYSCFG_DL_SYSCTL_init)
                  00000690    00000040     ti_msp_dl_config.o (.text.SYSCFG_DL_initPower)
                  000006d0    0000003c     libc.a : autoinit.c.obj (.text:__TI_auto_init_nobinit_nopinit)
                  0000070c    0000002c     empty.o (.text.main)
                  00000738    00000028     libc.a : boot_cortex_m.c.obj (.text:_c_int00_noargs)
                  00000760    00000024     ti_msp_dl_config.o (.text.SYSCFG_DL_init)
                  00000784    0000001c     driverlib.a : dl_timer.o (.text.DL_Timer_setCaptCompUpdateMethod)
                  000007a0    0000001c                 : dl_timer.o (.text.DL_Timer_setClockConfig)
                  000007bc    00000018                 : dl_timer.o (.text.DL_Timer_setCaptureCompareOutCtl)
                  000007d4    00000016     libc.a : copy_zero_init.c.obj (.text:decompress:ZI:__TI_zero_init_nomemset)
                  000007ea    00000012            : copy_decompress_none.c.obj (.text:decompress:none)
                  000007fc    00000010     driverlib.a : dl_timer.o (.text.DL_Timer_setCaptureCompareValue)
                  0000080c    0000000a                 : dl_common.o (.text.DL_Common_delayCycles)
                  00000816    00000002     --HOLE-- [fill = 0]
                  00000818    00000008     libclang_rt.builtins.a : aeabi_memcpy.S.obj (.text.__aeabi_memcpy)
                  00000820    00000006     libc.a : exit.c.obj (.text:abort)
                  00000826    00000004     libsysbm.a : hostexit.c.obj (.text.HOSTexit)
                  0000082a    00000004     startup_mspm0g350x_ticlang.o (.text.Reset_Handler)
                  0000082e    00000004     libc.a : pre_init.c.obj (.text._system_pre_init)
                  00000832    00000006     --HOLE-- [fill = 0]

.cinit     0    00000850    00000040     
                  00000850    00000016     (.cinit..data.load) [load image, compression = lzss]
                  00000866    00000002     --HOLE-- [fill = 0]
                  00000868    0000000c     (__TI_handler_table)
                  00000874    00000008     (.cinit..bss.load) [load image, compression = zero_init]
                  0000087c    00000010     (__TI_cinit_table)
                  0000088c    00000004     --HOLE-- [fill = 0]

.rodata    0    00000838    00000018     
                  00000838    00000008     ti_msp_dl_config.o (.rodata.gPWM_0Config)
                  00000840    00000008     ti_msp_dl_config.o (.rodata.gPWM_1Config)
                  00000848    00000003     ti_msp_dl_config.o (.rodata.gPWM_0ClockConfig)
                  0000084b    00000003     ti_msp_dl_config.o (.rodata.gPWM_1ClockConfig)
                  0000084e    00000002     --HOLE-- [fill = 0]

.init_array 
*          0    00000000    00000000     UNINITIALIZED

.binit     0    00000000    00000000     

.bss       0    20200000    000000a0     UNINITIALIZED
                  20200000    000000a0     (.common:gPWM_1Backup)

.data      0    202000a0    00000010     UNINITIALIZED
                  202000a0    00000004     empty.o (.data.base_speed)
                  202000a4    00000004     empty.o (.data.dif_speed_1)
                  202000a8    00000004     empty.o (.data.dif_speed_2)
                  202000ac    00000004     empty.o (.data.dif_speed_3)

.stack     0    20207e00    00000200     UNINITIALIZED
                  20207e00    00000004     libc.a : boot_cortex_m.c.obj (.stack)
                  20207e04    000001fc     --HOLE--

__llvm_prf_cnts 
*          0    20200000    00000000     UNINITIALIZED

__llvm_prf_bits 
*          0    20200000    00000000     UNINITIALIZED

MODULE SUMMARY

       Module                         code   ro data   rw data
       ------                         ----   -------   -------
    .\
       ti_msp_dl_config.o             500    22        160    
       empty.o                        592    0         16     
       startup_mspm0g350x_ticlang.o   6      192       0      
    +--+------------------------------+------+---------+---------+
       Total:                         1098   214       176    
                                                              
    F:/Ti/mspmo_sdk/mspm0_sdk_2_05_00_05/source/ti/driverlib/lib/ticlang/m0p/mspm0g1x0x_g3x0x/driverlib.a
       dl_timer.o                     356    0         0      
       dl_common.o                    10     0         0      
    +--+------------------------------+------+---------+---------+
       Total:                         366    0         0      
                                                              
    F:\Ti\ccs2020\ccs\tools\compiler\ti-cgt-armllvm_4.0.3.LTS\lib\armv6m-ti-none-eabi/c/libc.a
       memcpy16.S.obj                 154    0         0      
       copy_decompress_lzss.c.obj     124    0         0      
       autoinit.c.obj                 60     0         0      
       boot_cortex_m.c.obj            40     0         0      
       copy_zero_init.c.obj           22     0         0      
       copy_decompress_none.c.obj     18     0         0      
       exit.c.obj                     6      0         0      
       pre_init.c.obj                 4      0         0      
    +--+------------------------------+------+---------+---------+
       Total:                         428    0         0      
                                                              
    F:\Ti\ccs2020\ccs\tools\compiler\ti-cgt-armllvm_4.0.3.LTS\lib\armv6m-ti-none-eabi/c/libsysbm.a
       hostexit.c.obj                 4      0         0      
    +--+------------------------------+------+---------+---------+
       Total:                         4      0         0      
                                                              
    F:\Ti\ccs2020\ccs\tools\compiler\ti-cgt-armllvm_4.0.3.LTS\lib\armv6m-ti-none-eabi/libclang_rt.builtins.a
       aeabi_memcpy.S.obj             8      0         0      
    +--+------------------------------+------+---------+---------+
       Total:                         8      0         0      
                                                              
       Stack:                         0      0         512    
       Linker Generated:              0      58        0      
    +--+------------------------------+------+---------+---------+
       Grand Total:                   1904   272       688    


LINKER GENERATED COPY TABLES

__TI_cinit_table @ 0000087c records: 2, size/record: 8, table size: 16
	.data: load addr=00000850, load size=00000016 bytes, run addr=202000a0, run size=00000010 bytes, compression=lzss
	.bss: load addr=00000874, load size=00000008 bytes, run addr=20200000, run size=000000a0 bytes, compression=zero_init


LINKER GENERATED HANDLER TABLE

__TI_handler_table @ 00000868 records: 3, size/record: 4, table size: 12
	index: 0, handler: __TI_decompress_lzss
	index: 1, handler: __TI_decompress_none
	index: 2, handler: __TI_zero_init


GLOBAL SYMBOLS: SORTED ALPHABETICALLY BY Name 

address   name                            
-------   ----                            
0000041f  ADC0_IRQHandler                 
0000041f  ADC1_IRQHandler                 
0000041f  AES_IRQHandler                  
00000826  C$$EXIT                         
0000041f  CANFD0_IRQHandler               
0000041f  DAC0_IRQHandler                 
0000080d  DL_Common_delayCycles           
00000281  DL_Timer_initFourCCPWMMode      
00000785  DL_Timer_setCaptCompUpdateMethod
000007bd  DL_Timer_setCaptureCompareOutCtl
000007fd  DL_Timer_setCaptureCompareValue 
000007a1  DL_Timer_setClockConfig         
0000041f  DMA_IRQHandler                  
0000041f  Default_Handler                 
0000041f  GROUP0_IRQHandler               
0000041f  GROUP1_IRQHandler               
00000827  HOSTexit                        
0000041f  HardFault_Handler               
0000041f  I2C0_IRQHandler                 
0000041f  I2C1_IRQHandler                 
0000041f  NMI_Handler                     
0000041f  PendSV_Handler                  
0000041f  RTC_IRQHandler                  
0000082b  Reset_Handler                   
0000041f  SPI0_IRQHandler                 
0000041f  SPI1_IRQHandler                 
0000041f  SVC_Handler                     
00000585  SYSCFG_DL_GPIO_init             
0000049d  SYSCFG_DL_PWM_0_init            
00000511  SYSCFG_DL_PWM_1_init            
00000651  SYSCFG_DL_SYSCTL_init           
00000761  SYSCFG_DL_init                  
00000691  SYSCFG_DL_initPower             
0000041f  SysTick_Handler                 
0000041f  TIMA0_IRQHandler                
0000041f  TIMA1_IRQHandler                
0000041f  TIMG0_IRQHandler                
0000041f  TIMG12_IRQHandler               
0000041f  TIMG6_IRQHandler                
0000041f  TIMG7_IRQHandler                
0000041f  TIMG8_IRQHandler                
0000041f  UART0_IRQHandler                
0000041f  UART1_IRQHandler                
0000041f  UART2_IRQHandler                
0000041f  UART3_IRQHandler                
20208000  __STACK_END                     
00000200  __STACK_SIZE                    
00000000  __TI_ATRegion0_region_sz        
00000000  __TI_ATRegion0_src_addr         
00000000  __TI_ATRegion0_trg_addr         
00000000  __TI_ATRegion1_region_sz        
00000000  __TI_ATRegion1_src_addr         
00000000  __TI_ATRegion1_trg_addr         
00000000  __TI_ATRegion2_region_sz        
00000000  __TI_ATRegion2_src_addr         
00000000  __TI_ATRegion2_trg_addr         
0000087c  __TI_CINIT_Base                 
0000088c  __TI_CINIT_Limit                
0000088c  __TI_CINIT_Warm                 
00000868  __TI_Handler_Table_Base         
00000874  __TI_Handler_Table_Limit        
000006d1  __TI_auto_init_nobinit_nopinit  
00000421  __TI_decompress_lzss            
000007eb  __TI_decompress_none            
ffffffff  __TI_pprof_out_hndl             
ffffffff  __TI_prof_data_size             
ffffffff  __TI_prof_data_start            
00000000  __TI_static_base__              
000007d5  __TI_zero_init_nomemset         
00000819  __aeabi_memcpy                  
00000819  __aeabi_memcpy4                 
00000819  __aeabi_memcpy8                 
ffffffff  __binit__                       
UNDEFED   __mpu_init                      
20207e00  __stack                         
20200000  __start___llvm_prf_bits         
20200000  __start___llvm_prf_cnts         
20200000  __stop___llvm_prf_bits          
20200000  __stop___llvm_prf_cnts          
00000739  _c_int00_noargs                 
UNDEFED   _system_post_cinit              
0000082f  _system_pre_init                
00000821  abort                           
202000a0  base_speed                      
ffffffff  binit                           
202000a4  dif_speed_1                     
202000a8  dif_speed_2                     
202000ac  dif_speed_3                     
20200000  gPWM_1Backup                    
00000000  interruptVectors                
0000070d  main                            
00000385  memcpy                          
000005ed  motor_speed                     
000000c1  track                           


GLOBAL SYMBOLS: SORTED BY Symbol Address 

address   name                            
-------   ----                            
00000000  __TI_ATRegion0_region_sz        
00000000  __TI_ATRegion0_src_addr         
00000000  __TI_ATRegion0_trg_addr         
00000000  __TI_ATRegion1_region_sz        
00000000  __TI_ATRegion1_src_addr         
00000000  __TI_ATRegion1_trg_addr         
00000000  __TI_ATRegion2_region_sz        
00000000  __TI_ATRegion2_src_addr         
00000000  __TI_ATRegion2_trg_addr         
00000000  __TI_static_base__              
00000000  interruptVectors                
000000c1  track                           
00000200  __STACK_SIZE                    
00000281  DL_Timer_initFourCCPWMMode      
00000385  memcpy                          
0000041f  ADC0_IRQHandler                 
0000041f  ADC1_IRQHandler                 
0000041f  AES_IRQHandler                  
0000041f  CANFD0_IRQHandler               
0000041f  DAC0_IRQHandler                 
0000041f  DMA_IRQHandler                  
0000041f  Default_Handler                 
0000041f  GROUP0_IRQHandler               
0000041f  GROUP1_IRQHandler               
0000041f  HardFault_Handler               
0000041f  I2C0_IRQHandler                 
0000041f  I2C1_IRQHandler                 
0000041f  NMI_Handler                     
0000041f  PendSV_Handler                  
0000041f  RTC_IRQHandler                  
0000041f  SPI0_IRQHandler                 
0000041f  SPI1_IRQHandler                 
0000041f  SVC_Handler                     
0000041f  SysTick_Handler                 
0000041f  TIMA0_IRQHandler                
0000041f  TIMA1_IRQHandler                
0000041f  TIMG0_IRQHandler                
0000041f  TIMG12_IRQHandler               
0000041f  TIMG6_IRQHandler                
0000041f  TIMG7_IRQHandler                
0000041f  TIMG8_IRQHandler                
0000041f  UART0_IRQHandler                
0000041f  UART1_IRQHandler                
0000041f  UART2_IRQHandler                
0000041f  UART3_IRQHandler                
00000421  __TI_decompress_lzss            
0000049d  SYSCFG_DL_PWM_0_init            
00000511  SYSCFG_DL_PWM_1_init            
00000585  SYSCFG_DL_GPIO_init             
000005ed  motor_speed                     
00000651  SYSCFG_DL_SYSCTL_init           
00000691  SYSCFG_DL_initPower             
000006d1  __TI_auto_init_nobinit_nopinit  
0000070d  main                            
00000739  _c_int00_noargs                 
00000761  SYSCFG_DL_init                  
00000785  DL_Timer_setCaptCompUpdateMethod
000007a1  DL_Timer_setClockConfig         
000007bd  DL_Timer_setCaptureCompareOutCtl
000007d5  __TI_zero_init_nomemset         
000007eb  __TI_decompress_none            
000007fd  DL_Timer_setCaptureCompareValue 
0000080d  DL_Common_delayCycles           
00000819  __aeabi_memcpy                  
00000819  __aeabi_memcpy4                 
00000819  __aeabi_memcpy8                 
00000821  abort                           
00000826  C$$EXIT                         
00000827  HOSTexit                        
0000082b  Reset_Handler                   
0000082f  _system_pre_init                
00000868  __TI_Handler_Table_Base         
00000874  __TI_Handler_Table_Limit        
0000087c  __TI_CINIT_Base                 
0000088c  __TI_CINIT_Limit                
0000088c  __TI_CINIT_Warm                 
20200000  __start___llvm_prf_bits         
20200000  __start___llvm_prf_cnts         
20200000  __stop___llvm_prf_bits          
20200000  __stop___llvm_prf_cnts          
20200000  gPWM_1Backup                    
202000a0  base_speed                      
202000a4  dif_speed_1                     
202000a8  dif_speed_2                     
202000ac  dif_speed_3                     
20207e00  __stack                         
20208000  __STACK_END                     
ffffffff  __TI_pprof_out_hndl             
ffffffff  __TI_prof_data_size             
ffffffff  __TI_prof_data_start            
ffffffff  __binit__                       
ffffffff  binit                           
UNDEFED   __mpu_init                      
UNDEFED   _system_post_cinit              

[94 symbols]
